[INFO] Initializing Lua virtual machine...
[INFO] Lua VM initialized successfully.

========================================
Lua C++ Interpreter - Unit Test Suite
========================================
Test Framework: Custom Lightweight Framework
Build: Visual Studio 2026 Manual Compilation
Date: 2025-12-04
========================================

[INFO] Registering tests...
[INFO] All tests registered.
[INFO] Starting test execution...


========================================
Test Suite: Value
========================================
  [PASS] Nil value creation
  [PASS] Boolean value creation
  [PASS] Number value creation
  [PASS] Integer value creation
  [PASS] Type checking
  [PASS] Safe value access
  [PASS] Nil is false
  [PASS] false is false
  [PASS] 0 is true in Lua
  [PASS] Same values are equal
  [PASS] Different values are not equal
  [PASS] Number toString
  [PASS] Boolean toString
  [PASS] Nil toString
  [PASS] String value creation
  [PASS] String value access
----------------------------------------
Total: 16 | Pass: 16 | Fail: 0
========================================


========================================
Test Suite: GCString
========================================
  [PASS] String creation
  [PASS] String length
  [PASS] String data
  [PASS] c_str method
  [PASS] GC type
  [PASS] Hash computation
  [PASS] Same hash for same content
  [PASS] Different hash for different content
  [PASS] Different objects before interning
----------------------------------------
Total: 9 | Pass: 9 | Fail: 0
========================================


========================================
Test Suite: StringPool
========================================
  [PASS] Intern string
  [PASS] Same pointer for same string
  [PASS] Different pointer for different string
  [PASS] Pool size
  [PASS] Find existing string
  [PASS] Find non-existing string
  [PASS] Intern string_view
  [PASS] Same pointer for same string_view
  [PASS] Pool size after string_view
  [PASS] Initial pool size
  [PASS] Pool size after remove
----------------------------------------
Total: 11 | Pass: 11 | Fail: 0
========================================


========================================
Test Suite: Table
========================================
  [PASS] Table creation
  [PASS] GC type
  [PASS] Array set/get
  [PASS] Array size
  [PASS] Table length
  [PASS] Hash set/get
  [PASS] Hash size
  [PASS] Has key
  [PASS] Remove key
  [PASS] Metatable set/get
  [PASS] Mixed: Array size
  [PASS] Mixed: Hash size
  [PASS] Mixed: Table length
----------------------------------------
Total: 13 | Pass: 13 | Fail: 0
========================================


========================================
Test Suite: VM Core
========================================
  [PASS] GlobalState singleton
  [PASS] getStringPool
  [PASS] getGC
  [PASS] getRegistry
  [PASS] Stack creation
  [PASS] Push operations
  [PASS] Top value
  [PASS] Pop operation
  [PASS] At operation
  [PASS] Clear
  [PASS] CallInfo creation
  [PASS] Set values
  [PASS] Reset
  [PASS] LuaState creation
  [PASS] Initial status
  [PASS] Global table
  [PASS] Get top
  [PASS] isString at index -1
  [PASS] isBoolean at index -2
  [PASS] isNumber at index -3
  [PASS] toNumber
  [PASS] toBoolean
  [PASS] Global variable set/get
----------------------------------------
Total: 23 | Pass: 23 | Fail: 0
========================================

[Proto::addConstant] Proto=00000164611A20F0 index=0 value=42.000000
[Proto::addConstant] Proto=00000164611A20F0 index=1 value=true
[Proto::getConstant] Proto=00000164611A20F0 index=0 value=42.000000 (total=2)

========================================
Test Suite: Function
========================================
  [PASS] C function creation
  [PASS] Is C function
  [PASS] Get C function pointer
  [PASS] GC type
  [PASS] Proto creation
  [PASS] NumParams
  [PASS] Vararg
  [PASS] MaxStackSize
  [PASS] GC type
  [PASS] Add constants
  [PASS] Get constant
  [PASS] Add instructions
  [PASS] Get instruction
  [PASS] Set instruction
  [PASS] Lua function creation
  [PASS] Is Lua function
  [PASS] Get Proto
  [PASS] Add upvalues
  [PASS] Get upvalue
  [PASS] Environment set/get
----------------------------------------
Total: 20 | Pass: 20 | Fail: 0
========================================


========================================
Test Suite: GC
========================================
  [PASS] GCObject creation
  [PASS] Type checking
  [PASS] Initial color (white)
  [PASS] Set to gray
  [PASS] Set to black
  [PASS] isMarked (black)
  [PASS] Chain objects
  [PASS] Register objects
  [PASS] Add root objects
  [PASS] isRoot check
  [PASS] Garbage collected
  [PASS] Objects after GC
  [PASS] Create open upvalue
  [PASS] Upvalue value
  [PASS] Upvalue sharing
  [PASS] Close upvalue
  [PASS] Closed value preserved
  [PASS] Close all upvalues
----------------------------------------
Total: 18 | Pass: 18 | Fail: 0
========================================

[Proto::addConstant] Proto=000001646119B550 index=0 value=1.000000
[Proto::addConstant] Proto=000001646119B550 index=1 value=2.000000
[Proto::addConstant] Proto=000001646119B550 index=0 value=1.000000
[Proto::addConstant] Proto=000001646119B550 index=1 value=2.000000
[Proto::addConstant] Proto=000001646119D780 index=0 value=42.000000
[Proto::addConstant] Proto=000001646119BF50 index=0 value=1.000000
[Proto::addConstant] Proto=000001646119BF50 index=1 value=2.000000
[Proto::addConstant] Proto=000001646119BF50 index=2 value=3.000000
[Proto::addConstant] Proto=000001646119BF50 index=3 value=4.000000

========================================
Test Suite: Binary/Unary Expressions
========================================
  [PASS] Proto generated
  [PASS] Has instructions
  [PASS] Proto generated
  [PASS] Has instructions
  [PASS] Proto generated
  [PASS] Has instructions
  [PASS] Proto generated
  [PASS] Has instructions
  [PASS] Proto generated
  [PASS] Has instructions
----------------------------------------
Total: 10 | Pass: 10 | Fail: 0
========================================

[Proto::addConstant] Proto=000001646119B550 index=0 value=string: 0x0000016461196710
[Proto::addConstant] Proto=000001646119B550 index=0 value=2.000000
[Proto::addConstant] Proto=000001646119DA00 index=0 value=string: 0x0000016461196710
[Proto::addConstant] Proto=000001646119DA00 index=1 value=1.000000
[Proto::addConstant] Proto=000001646119DA00 index=2 value=2.000000
[Proto::addConstant] Proto=000001646119DA00 index=0 value=string: 0x0000016461196950

========================================
Test Suite: Function Codegen
========================================
  [PASS] Proto generated
  [PASS] Has instructions
  [PASS] Has one sub-function
  [PASS] Sub-proto exists
  [PASS] Sub-proto has 2 params
  [PASS] Proto generated
  [PASS] Has one sub-function
  [PASS] Proto generated
  [PASS] Has one sub-function
  [PASS] Sub-proto has 1 param
  [PASS] Proto generated
  [PASS] Has instructions
  [PASS] Has CALL instruction
  [PASS] Proto generated
  [PASS] Has one sub-function
  [PASS] Sub-proto is vararg
----------------------------------------
Total: 16 | Pass: 16 | Fail: 0
========================================

Test output

========================================
Test Suite: Base Library
========================================
  [PASS] print function exists
  [PASS] print returns 0
  [PASS] type function exists
  [PASS] type returns 1 value
  [PASS] type returns string
  [PASS] type(42) == 'number'
  [PASS] type returns 1 value
  [PASS] type returns string
  [PASS] type('hello') == 'string'
  [PASS] type returns 1 value
  [PASS] type returns string
  [PASS] type(nil) == 'nil'
  [PASS] tostring function exists
  [PASS] tostring returns 1 value
  [PASS] tostring returns string
  [PASS] tostring(123) == '123'
  [PASS] tostring returns 1 value
  [PASS] tostring returns string
  [PASS] tostring(true) == 'true'
  [PASS] tostring returns 1 value
  [PASS] tostring returns string
  [PASS] tostring(false) == 'false'
  [PASS] tonumber function exists
  [PASS] tonumber returns 1 value
  [PASS] tonumber(456) == 456.0
  [PASS] tonumber returns 1 value
  [PASS] tonumber('123') == 123.0
  [PASS] tonumber returns 1 value
  [PASS] tonumber('1A', 16) == 26.0
  [PASS] tonumber invalid returns 1 value
  [PASS] tonumber('xyz') returns nil
  [PASS] assert function exists
  [PASS] assert(true) returns 1 value
  [PASS] assert(1) returns 1 value
  [PASS] assert(true, msg) returns all arguments
  [PASS] setmetatable exists
  [PASS] getmetatable exists
  [PASS] setmetatable returns 1 value
  [PASS] getmetatable returns 1 value
  [PASS] getmetatable returns table
  [PASS] metatable matches
----------------------------------------
Total: 41 | Pass: 41 | Fail: 0
========================================

[Proto::addConstant] Proto=00000164611C4570 index=0 value=string: 0x0000016461196710
[Proto::addConstant] Proto=00000164611C4D10 index=0 value=0.000000
[Proto::addConstant] Proto=00000164611C4570 index=1 value=string: 0x00000164611ADEC0
[Proto::addConstant] Proto=00000164611C4F90 index=0 value=42.000000
[Proto::addConstant] Proto=00000164611C4570 index=2 value=string: 0x00000164611ADFE0
[Proto::addConstant] Proto=00000164611C4570 index=3 value=string: 0x0000016461196710
[Proto::addConstant] Proto=00000164611C4570 index=4 value=1.000000
[Proto::addConstant] Proto=00000164611C4570 index=5 value=2.000000
[Proto::addConstant] Proto=00000164611C4570 index=6 value=3.000000
[Proto::addConstant] Proto=00000164611C4570 index=7 value=4.000000
[Proto::addConstant] Proto=00000164611C4570 index=8 value=5.000000

========================================
Test Suite: Lua File Compilation
========================================
  [PASS] File loaded
  [PASS] Proto generated
  [PASS] Has instructions
  [PASS] Has constants
  [PASS] Has sub-functions
----------------------------------------
Total: 5 | Pass: 5 | Fail: 0
========================================


========================================
Test Suite: Metamethod
========================================
  [PASS] Should find __add metamethod
  [PASS] Should not find __sub metamethod
  [PASS] __add metamethod should be called
  [PASS] Result should be a table
  [PASS] x component should be 1+3=4
  [PASS] y component should be 2+4=6
  [PASS] Should use left operand's metamethod
  [PASS] Result should be a table
----------------------------------------
Total: 8 | Pass: 8 | Fail: 0
========================================


========================================
Test Suite: Complete Metamethods
========================================
  [PASS] __sub should be called
  [PASS] __sub: x = 5-2 = 3
  [PASS] __sub: y = 7-3 = 4
  [PASS] __mul should be called
  [PASS] __mul: x = 3*2 = 6
  [PASS] __mul: y = 4*2 = 8
  [PASS] __div should be called
  [PASS] __div: x = 10/2 = 5
  [PASS] __div: y = 20/2 = 10
  [PASS] __eq should return non-zero for equal vectors
  [PASS] __lt: v1 should be less than v2
  [PASS] __le: v1 should be less than or equal to v2
  [PASS] __le: v1 should be less than or equal to v3 (equal)
  [PASS] __len should return a result
  [PASS] __len result should be a number
  [PASS] __len: sqrt(3^2+4^2) = 5
  [PASS] __concat metamethod registered
  [PASS] __call metamethod registered
  [PASS] __mod metamethod registered
  [PASS] __pow metamethod registered
  [PASS] Should fail when no metamethod exists
  [PASS] Should fail when metamethod not found in metatable
  [PASS] Should succeed with left operand's metamethod
  [PASS] Result should be a number
----------------------------------------
Total: 24 | Pass: 24 | Fail: 0
========================================


========================================
Test Suite: Syntax Sugar
========================================
  [PASS] One statement parsed
  [PASS] Statement is FunctionStmt
  [PASS] Function name is 'method'
  [PASS] Table path has 1 element
  [PASS] Table path is 'obj'
  [PASS] Is method definition
  [PASS] Has 3 params (self, a, b)
  [PASS] First param is 'self'
  [PASS] Second param is 'a'
  [PASS] Third param is 'b'
  [PASS] One statement parsed
  [PASS] Statement is FunctionStmt
  [PASS] Function name is 'square'
  [PASS] Table path has 3 elements
  [PASS] First path element is 'lib'
  [PASS] Second path element is 'math'
  [PASS] Third path element is 'utils'
  [PASS] Not a method definition
  [PASS] Has 1 param
  [PASS] Param is 'x'
  [PASS] One statement parsed
  [PASS] Statement is FunctionStmt
  [PASS] Function name is 'foo'
  [PASS] No table path
  [PASS] Not a method
  [PASS] One statement parsed
  [PASS] Statement is LocalStmt
  [PASS] Has one value
  [PASS] Value is CallExpr
  [PASS] Has one argument
  [PASS] Argument is StringExpr
  [PASS] String value is correct
  [PASS] One statement parsed
  [PASS] Statement is LocalStmt
  [PASS] Has one value
  [PASS] Value is CallExpr
  [PASS] Has one argument
  [PASS] Argument is TableExpr
  [PASS] Table has 2 fields
  [PASS] One statement parsed
  [PASS] Statement is LocalStmt
  [PASS] Has one value
  [PASS] Value is TableExpr
  [PASS] Table has 4 fields
  [PASS] Field 1: array element (no key)
  [PASS] Field 1: is NameExpr
  [PASS] Field 2: has key
  [PASS] Field 2: key is StringExpr
  [PASS] Field 3: array element (no key)
  [PASS] Field 3: is CallExpr
  [PASS] Field 4: has key
  [PASS] One statement parsed
  [PASS] Statement is LocalStmt
  [PASS] Value is TableExpr
  [PASS] Table has 4 fields
  [PASS] Field 1 is array element
  [PASS] Field 2 is array element
  [PASS] Field 3 is array element
  [PASS] Field 4 is array element
  [PASS] One statement parsed
  [PASS] Statement is LocalStmt
  [PASS] Value is TableExpr
  [PASS] Table has 8 fields
  [PASS] Field 1: array element
  [PASS] Field 2: array element
  [PASS] Field 3: array element
  [PASS] Field 4: has key
  [PASS] Field 5: has key
  [PASS] Field 6: array element
  [PASS] Field 7: array element
  [PASS] Field 8: has key
----------------------------------------
Total: 71 | Pass: 71 | Fail: 0
========================================

[Proto::addConstant] Proto=00000164611C89B0 index=0 value=string: 0x0000016461196710
[Proto::addConstant] Proto=00000164611C89B0 index=1 value=string: 0x0000016461196710
[Proto::addConstant] Proto=00000164611C89B0 index=2 value=3.000000
[Proto::addConstant] Proto=00000164611C89B0 index=3 value=4.000000
[Proto::getConstant] Proto=00000164611C89B0 index=0 value=string: 0x0000016461196710 (total=4)
[Proto::getConstant] Proto=00000164611C89B0 index=1 value=string: 0x0000016461196710 (total=4)
[Proto::getConstant] Proto=00000164611C89B0 index=2 value=3.000000 (total=4)
[Proto::getConstant] Proto=00000164611C89B0 index=3 value=4.000000 (total=4)
[VM::RK] rk=0 ISK=false R(0)
[VM::RK] rk=1 ISK=false R(1)
[Proto::addConstant] Proto=00000164611D6DD0 index=0 value=1.000000
[Proto::addConstant] Proto=00000164611D6DD0 index=1 value=1.000000
[Proto::addConstant] Proto=00000164611D6DD0 index=2 value=string: 0x00000164611D2990
[Proto::addConstant] Proto=00000164611D6DD0 index=3 value=1.000000
[Proto::addConstant] Proto=00000164611C89B0 index=0 value=string: 0x00000164611D2990
[Proto::addConstant] Proto=00000164611C89B0 index=1 value=string: 0x00000164611D2990
[Proto::addConstant] Proto=00000164611C89B0 index=2 value=5.000000
[Proto::getConstant] Proto=00000164611C89B0 index=0 value=string: 0x00000164611D2990 (total=3)
[Proto::getConstant] Proto=00000164611C89B0 index=1 value=string: 0x00000164611D2990 (total=3)
[Proto::getConstant] Proto=00000164611C89B0 index=2 value=5.000000 (total=3)
[VM::RK] rk=0 ISK=false R(0)
[VM::RK] rk=256 ISK=true index=0 currentProto=00000164611D6DD0
[Proto::getConstant] Proto=00000164611D6DD0 index=0 value=1.000000 (total=4)
[Proto::getConstant] Proto=00000164611D6DD0 index=2 value=string: 0x00000164611D2990 (total=4)
[VM::RK] rk=0 ISK=false R(0)
[VM::RK] rk=259 ISK=true index=3 currentProto=00000164611D6DD0
[Proto::getConstant] Proto=00000164611D6DD0 index=3 value=1.000000 (total=4)
[VM::RK] rk=0 ISK=false R(0)
[VM::RK] rk=256 ISK=true index=0 currentProto=00000164611D6DD0
[Proto::getConstant] Proto=00000164611D6DD0 index=0 value=1.000000 (total=4)
[Proto::getConstant] Proto=00000164611D6DD0 index=2 value=string: 0x00000164611D2990 (total=4)
[VM::RK] rk=0 ISK=false R(0)
[VM::RK] rk=259 ISK=true index=3 currentProto=00000164611D6DD0
[Proto::getConstant] Proto=00000164611D6DD0 index=3 value=1.000000 (total=4)
[VM::RK] rk=0 ISK=false R(0)
[VM::RK] rk=256 ISK=true index=0 currentProto=00000164611D6DD0
[Proto::getConstant] Proto=00000164611D6DD0 index=0 value=1.000000 (total=4)
[Proto::getConstant] Proto=00000164611D6DD0 index=2 value=string: 0x00000164611D2990 (total=4)
[VM::RK] rk=0 ISK=false R(0)
[VM::RK] rk=259 ISK=true index=3 currentProto=00000164611D6DD0
[Proto::getConstant] Proto=00000164611D6DD0 index=3 value=1.000000 (total=4)
[VM::RK] rk=0 ISK=false R(0)
[VM::RK] rk=256 ISK=true index=0 currentProto=00000164611D6DD0
[Proto::getConstant] Proto=00000164611D6DD0 index=0 value=1.000000 (total=4)
[Proto::getConstant] Proto=00000164611D6DD0 index=2 value=string: 0x00000164611D2990 (total=4)
[VM::RK] rk=0 ISK=false R(0)
[VM::RK] rk=259 ISK=true index=3 currentProto=00000164611D6DD0
[Proto::getConstant] Proto=00000164611D6DD0 index=3 value=1.000000 (total=4)
[VM::RK] rk=0 ISK=false R(0)
[VM::RK] rk=256 ISK=true index=0 currentProto=00000164611D6DD0
[Proto::getConstant] Proto=00000164611D6DD0 index=0 value=1.000000 (total=4)
[Proto::getConstant] Proto=00000164611D6DD0 index=1 value=1.000000 (total=4)
[VM::RK] rk=0 ISK=false R(0)
[VM::RK] rk=1 ISK=false R(1)
[VM::RK] rk=0 ISK=false R(0)
[VM::RK] rk=1 ISK=false R(1)
[VM::RK] rk=0 ISK=false R(0)
[VM::RK] rk=1 ISK=false R(1)
[VM::RK] rk=0 ISK=false R(0)
[VM::RK] rk=1 ISK=false R(1)

========================================
Test Suite: Function Call
========================================
  [PASS] Proto generated
  [PASS] Has return value
  [PASS] Result is number
  [PASS] add(3, 4) == 7
  [PASS] Proto generated
  [PASS] Has return value
  [PASS] Result is number
  [PASS] factorial(5) == 120
----------------------------------------
Total: 8 | Pass: 8 | Fail: 0
========================================


========================================
Test Suite: Lexer Number
========================================
  [PASS] Valid number token type
  [PASS] Valid number has numeric value
  [PASS] Malformed number returns error token
  [PASS] Error token carries offending lexeme
  [PASS] Malformed hex returns error token
  [PASS] Long string token type
  [PASS] Long string has string value
  [PASS] Leading newline is stripped
  [PASS] Number after long comment, got <number>
  [PASS] Line number accounts for stripped first newline
----------------------------------------
Total: 10 | Pass: 10 | Fail: 0
========================================


========================================
Test Suite: Lexer Lookahead
========================================
  [PASS] Peek should return 'local'
  [PASS] Second peek should return same token
  [PASS] nextToken should return the peeked token
  [PASS] Next token should be identifier
  [PASS] First peek should be 'if'
  [PASS] First next should be 'if'
  [PASS] Second peek should be 'then'
  [PASS] Second next should be 'then'
  [PASS] Third next should be 'else'
  [PASS] First token is 'local'
  [PASS] Token 'local' is on line 1
  [PASS] Peeked token is identifier
  [PASS] Peeked token is on line 2
  [PASS] Second token is identifier
  [PASS] Second token is on line 2
  [PASS] Lexeme matches peeked token
  [PASS] Token is 'end'
  [PASS] Peek at EOF returns Eos
  [PASS] Next at EOF returns Eos
  [PASS] Multiple next at EOF returns Eos
  [PASS] Token: a
  [PASS] Peek: +
  [PASS] Token: +
  [PASS] Token: b
  [PASS] Peek: *
  [PASS] Token: *
  [PASS] Token: c
----------------------------------------
Total: 27 | Pass: 27 | Fail: 0
========================================


========================================
Test Suite: Parser Recursion Depth
========================================
  [PASS] Normal depth (50) parsing succeeded
  [PASS] Near limit depth (90) parsing succeeded
  [PASS] Exceed limit depth (150) throws correct error
  [PASS] Nested if statements throw correct error
----------------------------------------
Total: 4 | Pass: 4 | Fail: 0
========================================


========================================
Test Suite: Parser Error Reporting
========================================
  [PASS] Error has location info
  [PASS] Error message contains 'Syntax error'
  [PASS] Error message contains line number
  [PASS] Error message contains column number
  [PASS] Line number is valid
  [PASS] Column number is valid
  [PASS] Normal code parses successfully
  [PASS] Unclosed parenthesis throws error
  [PASS] Missing end throws error
----------------------------------------
Total: 9 | Pass: 9 | Fail: 0
========================================


========================================
Test Suite: Parser Memory Pool
========================================
  [PASS] Should have 2 statements
  [PASS] First statement should exist
  [PASS] Second statement should exist
  [PASS] Should have 3 statements
  [PASS] Statement should exist
  [PASS] Statement should exist
  [PASS] Statement should exist
  [PASS] First statement should be LocalStmt
  [PASS] Should have 1 value
  [PASS] Value should exist
  [PASS] Second statement should be LocalStmt
  [PASS] Should have 1 value
  [PASS] Value should be TableExpr
  [PASS] Table should have 2 fields
  [PASS] Third statement should be LocalStmt
  [PASS] Should have 1 value
  [PASS] Value should be FunctionExpr
  [PASS] Function should have 1 param
  [PASS] Should have 2 statements
  [PASS] First statement should be LocalStmt
  [PASS] Should have 1 value
  [PASS] Value should be BinaryExpr
  [PASS] Top-level op should be Div
  [PASS] Second statement should be LocalStmt
  [PASS] Should have 1 value
  [PASS] Value should be TableExpr
  [PASS] Table should have 2 fields
  [PASS] Should have 3 statements
  [PASS] Statement should exist
  [PASS] Statement should exist
  [PASS] Statement should exist
----------------------------------------
Total: 31 | Pass: 31 | Fail: 0
========================================


========================================
Test Suite: DynamicBuffer
========================================
  [PASS] Default constructed buffer should be empty
  [PASS] Default constructed buffer size should be 0
  [PASS] Size should be 3 after appending 3 chars
  [PASS] Buffer should not be empty
  [PASS] Content should be 'abc'
  [PASS] Size should be 11
  [PASS] Content should be 'hello world'
  [PASS] Content should be 'Lua 5.1'
  [PASS] Multiple views should point to same data
  [PASS] View content should be 'test'
  [PASS] toString should return 'hello'
  [PASS] Buffer should be empty after clear
  [PASS] Size should be 0 after clear
  [PASS] Capacity should be preserved after clear
  [PASS] Buffer should be empty after reset
  [PASS] Size should be 0 after reset
  [PASS] Capacity should be 0 after reset
  [PASS] Capacity should be at least 1000
  [PASS] Size should still be 0 after reserve
  [PASS] Buffer should still be empty after reserve
  [PASS] Moved buffer should contain 'hello'
  [PASS] Source buffer should be empty after move
  [PASS] Moved buffer should contain 'hello'
  [PASS] Appending empty string should keep buffer empty
  [PASS] Size should be 0
  [PASS] Empty buffer view size should be 0
  [PASS] Empty buffer view should be empty
  [PASS] Empty buffer toString should return empty string
  [PASS] Size should be 3 including null char
  [PASS] View size should be 3
  [PASS] First char should be 'a'
  [PASS] Second char should be null
  [PASS] Third char should be 'b'
  [PASS] Size should be 10000
  [PASS] View size should be 10000
  [PASS] All characters should be 'x'
  [PASS] Size should be 10000
  [PASS] First char should be 'y'
  [PASS] Last char should be 'y'
  [PASS] Size should be 50
  [PASS] Capacity should still be at least 100
  [PASS] Identifier should match
  [PASS] Reused buffer should work
  [PASS] String literal should include newline
  [PASS] Size should be 4
  [PASS] Buffer should be empty after clear
  [PASS] Size should be 4
  [PASS] Buffer should be empty after clear
  [PASS] Size should be 4
  [PASS] Buffer should be empty after clear
  [PASS] Size should be 4
  [PASS] Buffer should be empty after clear
  [PASS] Size should be 4
  [PASS] Buffer should be empty after clear
----------------------------------------
Total: 54 | Pass: 54 | Fail: 0
========================================


========================================
Test Suite: InputStream (String Mode)
========================================
  [PASS] Should not be EOF initially
  [PASS] Initial position should be 0
  [PASS] Empty string should be EOF immediately
  [PASS] Position should be 0
  [PASS] Default source name should be 'string'
  [PASS] First char should be 'a'
  [PASS] Position should be 1
  [PASS] Second char should be 'b'
  [PASS] Position should be 2
  [PASS] Third char should be 'c'
  [PASS] Position should be 3
  [PASS] Should return -1 at EOF
  [PASS] Should be EOF after reading all chars
  [PASS] Peek should return 'x'
  [PASS] Peek should not advance position
  [PASS] Multiple peeks should return same char
  [PASS] Position should still be 0
  [PASS] getChar should return peeked char
  [PASS] Position should advance after getChar
  [PASS] Peek should now return 'y'
  [PASS] Peek at EOF should return -1
  [PASS] Should be EOF
  [PASS] Should be EOF after reading all chars
  [PASS] getChar at EOF should return -1
  [PASS] Multiple getChar at EOF should return -1
  [PASS] Should read 5 bytes
  [PASS] Buffer should contain 'hello'
  [PASS] Position should be 5
  [PASS] Should read 4 bytes (all available)
  [PASS] Should be EOF after reading all
  [PASS] Position should be 4
  [PASS] First read should get 3 bytes
  [PASS] Second read should get 3 bytes
  [PASS] Position should be 6
  [PASS] Should not be EOF yet
  [PASS] Should only read 3 bytes (all available)
  [PASS] Should be EOF
  [PASS] Should read 0 bytes
  [PASS] Position should not change
  [PASS] Should not be EOF
  [PASS] Initial position should be 0
  [PASS] Position should be 1
  [PASS] Position should be 2
  [PASS] Position should be 4 after read
  [PASS] Should not be EOF initially
  [PASS] Should be EOF after reading all
  [PASS] Should still be EOF
  [PASS] Source name should be updated
  [PASS] Source name should be updated again
  [PASS] Should read 'x'
  [PASS] Should be EOF after single char
  [PASS] First char should be 'a'
  [PASS] Second char should be null (0)
  [PASS] Third char should be 'b'
  [PASS] Should be EOF after all chars
  [PASS] Should read 3 bytes for UTF-8 char
  [PASS] Should be EOF after reading all bytes
  [PASS] Byte 1 should be in valid range
  [PASS] Byte 2 should be in valid range
  [PASS] Byte 3 should be in valid range
  [PASS] Each char should be 'x'
  [PASS] Each char should be 'x'
  [PASS] Each char should be 'x'
  [PASS] Each char should be 'x'
  [PASS] Each char should be 'x'
  [PASS] Each char should be 'x'
  [PASS] Each char should be 'x'
  [PASS] Each char should be 'x'
  [PASS] Each char should be 'x'
  [PASS] Each char should be 'x'
  [PASS] Each char should be 'x'
  [PASS] Each char should be 'x'
  [PASS] Each char should be 'x'
  [PASS] Each char should be 'x'
  [PASS] Each char should be 'x'
  [PASS] Each char should be 'x'
  [PASS] Each char should be 'x'
  [PASS] Each char should be 'x'
  [PASS] Each char should be 'x'
  [PASS] Each char should be 'x'
  [PASS] Each char should be 'x'
  [PASS] Each char should be 'x'
  [PASS] Each char should be 'x'
  [PASS] Each char should be 'x'
  [PASS] Each char should be 'x'
  [PASS] Each char should be 'x'
  [PASS] Each char should be 'x'
  [PASS] Each char should be 'x'
  [PASS] Each char should be 'x'
  [PASS] Each char should be 'x'
  [PASS] Each char should be 'x'
  [PASS] Each char should be 'x'
  [PASS] Each char should be 'x'
  [PASS] Each char should be 'x'
  [PASS] Each char should be 'x'
  [PASS] Each char should be 'x'
  [PASS] Each char should be 'x'
  [PASS] Each char should be 'x'
  [PASS] Each char should be 'x'
  [PASS] Each char should be 'x'
  [PASS] Each char should be 'x'
  [PASS] Each char should be 'x'
  [PASS] Each char should be 'x'
  [PASS] Each char should be 'x'
  [PASS] Each char should be 'x'
  [PASS] Each char should be 'x'
  [PASS] Each char should be 'x'
  [PASS] Each char should be 'x'
  [PASS] Each char should be 'x'
  [PASS] Each char should be 'x'
  [PASS] Each char should be 'x'
  [PASS] Each char should be 'x'
  [PASS] Each char should be 'x'
  [PASS] Each char should be 'x'
  [PASS] Each char should be 'x'
  [PASS] Each char should be 'x'
  [PASS] Each char should be 'x'
  [PASS] Each char should be 'x'
  [PASS] Each char should be 'x'
  [PASS] Each char should be 'x'
  [PASS] Each char should be 'x'
  [PASS] Each char should be 'x'
  [PASS] Each char should be 'x'
  [PASS] Each char should be 'x'
  [PASS] Each char should be 'x'
  [PASS] Each char should be 'x'
  [PASS] Each char should be 'x'
  [PASS] Each char should be 'x'
  [PASS] Each char should be 'x'
  [PASS] Each char should be 'x'
  [PASS] Each char should be 'x'
  [PASS] Each char should be 'x'
  [PASS] Each char should be 'x'
  [PASS] Each char should be 'x'
  [PASS] Each char should be 'x'
  [PASS] Each char should be 'x'
  [PASS] Each char should be 'x'
  [PASS] Each char should be 'x'
  [PASS] Each char should be 'x'
  [PASS] Each char should be 'x'
  [PASS] Each char should be 'x'
  [PASS] Each char should be 'x'
  [PASS] Each char should be 'x'
  [PASS] Each char should be 'x'
  [PASS] Each char should be 'x'
  [PASS] Each char should be 'x'
  [PASS] Each char should be 'x'
  [PASS] Each char should be 'x'
  [PASS] Each char should be 'x'
  [PASS] Each char should be 'x'
  [PASS] Each char should be 'x'
  [PASS] Each char should be 'x'
  [PASS] Each char should be 'x'
  [PASS] Each char should be 'x'
  [PASS] Each char should be 'x'
  [PASS] Each char should be 'x'
  [PASS] Each char should be 'x'
  [PASS] Each char should be 'x'
  [PASS] Each char should be 'x'
  [PASS] Each char should be 'x'
  [PASS] Position should be 100
  [PASS] Should not be EOF yet
  [PASS] Should read remaining 9900 bytes
  [PASS] Should be EOF after reading all
  [PASS] Should read newline
  [PASS] Should read carriage return
  [PASS] Should read tab
  [PASS] Should read backslash
  [PASS] Should read space
  [PASS] Should read double quote
  [PASS] Should read single quote
  [PASS] Should read 14 bytes
  [PASS] Content should match
  [PASS] First token should be 'local'
  [PASS] Should read space
  [PASS] Second token should be 'variable'
  [PASS] Should read number '123'
  [PASS] Position should be 3
  [PASS] Next char should be 'a'
  [PASS] Should read opening quote
  [PASS] Should read string content
  [PASS] Should read closing quote
  [PASS] Should be EOF
  [PASS] Should read 'a'
  [PASS] Should peek 'b'
  [PASS] Should read 3 bytes
  [PASS] Buffer[0] should be 'b'
  [PASS] Buffer[1] should be 'c'
  [PASS] Buffer[2] should be 'd'
  [PASS] Should read 'e'
  [PASS] Position should be 5
  [PASS] Should read all 21 bytes
  [PASS] Content should match source
  [PASS] Should be EOF
  [PASS] Source name should be preserved
----------------------------------------
Total: 195 | Pass: 195 | Fail: 0
========================================


========================================
Test Suite: InputStream (Stream Mode)
========================================
  [PASS] Should not be EOF initially
  [PASS] Initial position should be 0
  [PASS] Default source name should be 'stream'
  [PASS] Empty stream should be EOF immediately
  [PASS] Position should be 0
  [PASS] Should not be EOF initially
  [PASS] First char should be 't'
  [PASS] First char should be 'a'
  [PASS] Position should be 1
  [PASS] Second char should be 'b'
  [PASS] Position should be 2
  [PASS] Third char should be 'c'
  [PASS] Position should be 3
  [PASS] Should return -1 at EOF
  [PASS] Should be EOF after reading all chars
  [PASS] Peek should return 'x'
  [PASS] Peek should not advance position
  [PASS] Multiple peeks should return same char
  [PASS] Position should still be 0
  [PASS] getChar should return peeked char
  [PASS] Position should advance after getChar
  [PASS] Peek should now return 'y'
  [PASS] Peek at EOF should return -1
  [PASS] Should be EOF
  [PASS] getChar at EOF should return -1
  [PASS] Multiple getChar at EOF should return -1
  [PASS] Should read 5 bytes
  [PASS] Buffer should contain 'hello'
  [PASS] Position should be 5
  [PASS] Should only read 4 bytes (all available)
  [PASS] Should be EOF after reading all
  [PASS] Position should be 4
  [PASS] First read should get 3 bytes
  [PASS] Second read should get 3 bytes
  [PASS] Position should be 6
  [PASS] Should not be EOF yet
  [PASS] Should read 0 bytes at EOF
  [PASS] Should be EOF
  [PASS] Should read 0 bytes at EOF
  [PASS] Position should not change
  [PASS] Should read valid char
  [PASS] Should read valid char
  [PASS] Should read valid char
  [PASS] Should read valid char
  [PASS] Should read valid char
  [PASS] Should read valid char
  [PASS] Should read valid char
  [PASS] Should read valid char
  [PASS] Should read valid char
  [PASS] Should read valid char
  [PASS] Should read valid char
  [PASS] Should read valid char
  [PASS] Should read valid char
  [PASS] Should read valid char
  [PASS] Should read valid char
  [PASS] Should read valid char
  [PASS] Should read all data correctly
  [PASS] Position should be 16
  [PASS] Should not be EOF yet
  [PASS] Should return -1 at EOF
  [PASS] Should be EOF
  [PASS] Should read 4 bytes
  [PASS] Content should match
  [PASS] Should be EOF
  [PASS] Char 1
  [PASS] Char 2
  [PASS] Char 3
  [PASS] Char 4
  [PASS] Char 5 (cross boundary)
  [PASS] Char 6
  [PASS] Char 7
  [PASS] Char 8
  [PASS] Char 9 (cross boundary)
  [PASS] Char 10
  [PASS] Position should be 10
  [PASS] Should read 12 bytes
  [PASS] Content should match
  [PASS] Position should be 12
  [PASS] Should not be EOF initially
  [PASS] Initial position should be 0
  [PASS] Position should be 1
  [PASS] Position should be 2
  [PASS] Position should be 6 after read
  [PASS] Should not be EOF initially
  [PASS] Should not be EOF after first char
  [PASS] Should not be EOF after last char
  [PASS] Should be EOF after reading all
  [PASS] Should still be EOF
  [PASS] Default source name should be 'stream'
  [PASS] Source name should be updated
  [PASS] Source name should be updated again
  [PASS] Should read 'x'
  [PASS] Should not be EOF after reading char
  [PASS] Should return -1 at EOF
  [PASS] Should be EOF
  [PASS] First char should be 'a'
  [PASS] Second char should be null (0)
  [PASS] Third char should be 'b'
  [PASS] Should not be EOF yet
  [PASS] Should read 3 bytes for UTF-8 char
  [PASS] Should not be EOF yet
  [PASS] Byte 1 should be in valid range
  [PASS] Byte 2 should be in valid range
  [PASS] Byte 3 should be in valid range
  [PASS] Each char should be 'x'
  [PASS] Each char should be 'x'
  [PASS] Each char should be 'x'
  [PASS] Each char should be 'x'
  [PASS] Each char should be 'x'
  [PASS] Each char should be 'x'
  [PASS] Each char should be 'x'
  [PASS] Each char should be 'x'
  [PASS] Each char should be 'x'
  [PASS] Each char should be 'x'
  [PASS] Each char should be 'x'
  [PASS] Each char should be 'x'
  [PASS] Each char should be 'x'
  [PASS] Each char should be 'x'
  [PASS] Each char should be 'x'
  [PASS] Each char should be 'x'
  [PASS] Each char should be 'x'
  [PASS] Each char should be 'x'
  [PASS] Each char should be 'x'
  [PASS] Each char should be 'x'
  [PASS] Each char should be 'x'
  [PASS] Each char should be 'x'
  [PASS] Each char should be 'x'
  [PASS] Each char should be 'x'
  [PASS] Each char should be 'x'
  [PASS] Each char should be 'x'
  [PASS] Each char should be 'x'
  [PASS] Each char should be 'x'
  [PASS] Each char should be 'x'
  [PASS] Each char should be 'x'
  [PASS] Each char should be 'x'
  [PASS] Each char should be 'x'
  [PASS] Each char should be 'x'
  [PASS] Each char should be 'x'
  [PASS] Each char should be 'x'
  [PASS] Each char should be 'x'
  [PASS] Each char should be 'x'
  [PASS] Each char should be 'x'
  [PASS] Each char should be 'x'
  [PASS] Each char should be 'x'
  [PASS] Each char should be 'x'
  [PASS] Each char should be 'x'
  [PASS] Each char should be 'x'
  [PASS] Each char should be 'x'
  [PASS] Each char should be 'x'
  [PASS] Each char should be 'x'
  [PASS] Each char should be 'x'
  [PASS] Each char should be 'x'
  [PASS] Each char should be 'x'
  [PASS] Each char should be 'x'
  [PASS] Each char should be 'x'
  [PASS] Each char should be 'x'
  [PASS] Each char should be 'x'
  [PASS] Each char should be 'x'
  [PASS] Each char should be 'x'
  [PASS] Each char should be 'x'
  [PASS] Each char should be 'x'
  [PASS] Each char should be 'x'
  [PASS] Each char should be 'x'
  [PASS] Each char should be 'x'
  [PASS] Each char should be 'x'
  [PASS] Each char should be 'x'
  [PASS] Each char should be 'x'
  [PASS] Each char should be 'x'
  [PASS] Each char should be 'x'
  [PASS] Each char should be 'x'
  [PASS] Each char should be 'x'
  [PASS] Each char should be 'x'
  [PASS] Each char should be 'x'
  [PASS] Each char should be 'x'
  [PASS] Each char should be 'x'
  [PASS] Each char should be 'x'
  [PASS] Each char should be 'x'
  [PASS] Each char should be 'x'
  [PASS] Each char should be 'x'
  [PASS] Each char should be 'x'
  [PASS] Each char should be 'x'
  [PASS] Each char should be 'x'
  [PASS] Each char should be 'x'
  [PASS] Each char should be 'x'
  [PASS] Each char should be 'x'
  [PASS] Each char should be 'x'
  [PASS] Each char should be 'x'
  [PASS] Each char should be 'x'
  [PASS] Each char should be 'x'
  [PASS] Each char should be 'x'
  [PASS] Each char should be 'x'
  [PASS] Each char should be 'x'
  [PASS] Each char should be 'x'
  [PASS] Each char should be 'x'
  [PASS] Each char should be 'x'
  [PASS] Each char should be 'x'
  [PASS] Each char should be 'x'
  [PASS] Each char should be 'x'
  [PASS] Each char should be 'x'
  [PASS] Each char should be 'x'
  [PASS] Each char should be 'x'
  [PASS] Each char should be 'x'
  [PASS] Each char should be 'x'
  [PASS] Each char should be 'x'
  [PASS] Position should be 100
  [PASS] Should not be EOF yet
  [PASS] Should read remaining 9900 bytes
  [PASS] Should not be EOF yet
  [PASS] Should be EOF
  [PASS] Should be EOF after reading all
  [PASS] Should read newline
  [PASS] Should read carriage return
  [PASS] Should read tab
  [PASS] Should read backslash
  [PASS] Should read space
  [PASS] Should read double quote
  [PASS] Should read single quote
  [PASS] Should read 18 bytes
  [PASS] Content should match
  [PASS] File should be opened
  [PASS] Should read all bytes
  [PASS] Content should match
  [PASS] Source name should be preserved
  [PASS] File should be opened
  [PASS] Each char should be 'A'
  [PASS] Each char should be 'A'
  [PASS] Each char should be 'A'
  [PASS] Each char should be 'A'
  [PASS] Each char should be 'A'
  [PASS] Each char should be 'A'
  [PASS] Each char should be 'A'
  [PASS] Each char should be 'A'
  [PASS] Each char should be 'A'
  [PASS] Each char should be 'A'
  [PASS] Each char should be 'A'
  [PASS] Each char should be 'A'
  [PASS] Each char should be 'A'
  [PASS] Each char should be 'A'
  [PASS] Each char should be 'A'
  [PASS] Each char should be 'A'
  [PASS] Each char should be 'A'
  [PASS] Each char should be 'A'
  [PASS] Each char should be 'A'
  [PASS] Each char should be 'A'
  [PASS] Each char should be 'A'
  [PASS] Each char should be 'A'
  [PASS] Each char should be 'A'
  [PASS] Each char should be 'A'
  [PASS] Each char should be 'A'
  [PASS] Each char should be 'A'
  [PASS] Each char should be 'A'
  [PASS] Each char should be 'A'
  [PASS] Each char should be 'A'
  [PASS] Each char should be 'A'
  [PASS] Each char should be 'A'
  [PASS] Each char should be 'A'
  [PASS] Each char should be 'A'
  [PASS] Each char should be 'A'
  [PASS] Each char should be 'A'
  [PASS] Each char should be 'A'
  [PASS] Each char should be 'A'
  [PASS] Each char should be 'A'
  [PASS] Each char should be 'A'
  [PASS] Each char should be 'A'
  [PASS] Each char should be 'A'
  [PASS] Each char should be 'A'
  [PASS] Each char should be 'A'
  [PASS] Each char should be 'A'
  [PASS] Each char should be 'A'
  [PASS] Each char should be 'A'
  [PASS] Each char should be 'A'
  [PASS] Each char should be 'A'
  [PASS] Each char should be 'A'
  [PASS] Each char should be 'A'
  [PASS] Each char should be 'A'
  [PASS] Each char should be 'A'
  [PASS] Each char should be 'A'
  [PASS] Each char should be 'A'
  [PASS] Each char should be 'A'
  [PASS] Each char should be 'A'
  [PASS] Each char should be 'A'
  [PASS] Each char should be 'A'
  [PASS] Each char should be 'A'
  [PASS] Each char should be 'A'
  [PASS] Each char should be 'A'
  [PASS] Each char should be 'A'
  [PASS] Each char should be 'A'
  [PASS] Each char should be 'A'
  [PASS] Each char should be 'A'
  [PASS] Each char should be 'A'
  [PASS] Each char should be 'A'
  [PASS] Each char should be 'A'
  [PASS] Each char should be 'A'
  [PASS] Each char should be 'A'
  [PASS] Each char should be 'A'
  [PASS] Each char should be 'A'
  [PASS] Each char should be 'A'
  [PASS] Each char should be 'A'
  [PASS] Each char should be 'A'
  [PASS] Each char should be 'A'
  [PASS] Each char should be 'A'
  [PASS] Each char should be 'A'
  [PASS] Each char should be 'A'
  [PASS] Each char should be 'A'
  [PASS] Each char should be 'A'
  [PASS] Each char should be 'A'
  [PASS] Each char should be 'A'
  [PASS] Each char should be 'A'
  [PASS] Each char should be 'A'
  [PASS] Each char should be 'A'
  [PASS] Each char should be 'A'
  [PASS] Each char should be 'A'
  [PASS] Each char should be 'A'
  [PASS] Each char should be 'A'
  [PASS] Each char should be 'A'
  [PASS] Each char should be 'A'
  [PASS] Each char should be 'A'
  [PASS] Each char should be 'A'
  [PASS] Each char should be 'A'
  [PASS] Each char should be 'A'
  [PASS] Each char should be 'A'
  [PASS] Each char should be 'A'
  [PASS] Each char should be 'A'
  [PASS] Each char should be 'A'
  [PASS] Each char should be 'A'
  [PASS] Each char should be 'A'
  [PASS] Each char should be 'A'
  [PASS] Each char should be 'A'
  [PASS] Each char should be 'A'
  [PASS] Each char should be 'A'
  [PASS] Each char should be 'A'
  [PASS] Each char should be 'A'
  [PASS] Each char should be 'A'
  [PASS] Each char should be 'A'
  [PASS] Each char should be 'A'
  [PASS] Each char should be 'A'
  [PASS] Each char should be 'A'
  [PASS] Each char should be 'A'
  [PASS] Each char should be 'A'
  [PASS] Each char should be 'A'
  [PASS] Each char should be 'A'
  [PASS] Each char should be 'A'
  [PASS] Each char should be 'A'
  [PASS] Each char should be 'A'
  [PASS] Each char should be 'A'
  [PASS] Each char should be 'A'
  [PASS] Each char should be 'A'
  [PASS] Each char should be 'A'
  [PASS] Each char should be 'A'
  [PASS] Each char should be 'A'
  [PASS] Each char should be 'A'
  [PASS] Each char should be 'A'
  [PASS] Each char should be 'A'
  [PASS] Each char should be 'A'
  [PASS] Each char should be 'A'
  [PASS] Each char should be 'A'
  [PASS] Each char should be 'A'
  [PASS] Each char should be 'A'
  [PASS] Each char should be 'A'
  [PASS] Each char should be 'A'
  [PASS] Each char should be 'A'
  [PASS] Each char should be 'A'
  [PASS] Each char should be 'A'
  [PASS] Each char should be 'A'
  [PASS] Each char should be 'A'
  [PASS] Each char should be 'A'
  [PASS] Each char should be 'A'
  [PASS] Each char should be 'A'
  [PASS] Each char should be 'A'
  [PASS] Each char should be 'A'
  [PASS] Each char should be 'A'
  [PASS] Each char should be 'A'
  [PASS] Each char should be 'A'
  [PASS] Each char should be 'A'
  [PASS] Each char should be 'A'
  [PASS] Each char should be 'A'
  [PASS] Each char should be 'A'
  [PASS] Each char should be 'A'
  [PASS] Each char should be 'A'
  [PASS] Each char should be 'A'
  [PASS] Each char should be 'A'
  [PASS] Each char should be 'A'
  [PASS] Each char should be 'A'
  [PASS] Each char should be 'A'
  [PASS] Each char should be 'A'
  [PASS] Each char should be 'A'
  [PASS] Each char should be 'A'
  [PASS] Each char should be 'A'
  [PASS] Each char should be 'A'
  [PASS] Each char should be 'A'
  [PASS] Each char should be 'A'
  [PASS] Each char should be 'A'
  [PASS] Each char should be 'A'
  [PASS] Each char should be 'A'
  [PASS] Each char should be 'A'
  [PASS] Each char should be 'A'
  [PASS] Each char should be 'A'
  [PASS] Each char should be 'A'
  [PASS] Each char should be 'A'
  [PASS] Each char should be 'A'
  [PASS] Each char should be 'A'
  [PASS] Each char should be 'A'
  [PASS] Each char should be 'A'
  [PASS] Each char should be 'A'
  [PASS] Each char should be 'A'
  [PASS] Each char should be 'A'
  [PASS] Each char should be 'A'
  [PASS] Each char should be 'A'
  [PASS] Each char should be 'A'
  [PASS] Each char should be 'A'
  [PASS] Each char should be 'A'
  [PASS] Each char should be 'A'
  [PASS] Each char should be 'A'
  [PASS] Each char should be 'A'
  [PASS] Each char should be 'A'
  [PASS] Each char should be 'A'
  [PASS] Each char should be 'A'
  [PASS] Each char should be 'A'
  [PASS] Each char should be 'A'
  [PASS] Each char should be 'A'
  [PASS] Each char should be 'A'
  [PASS] Each char should be 'A'
  [PASS] Each char should be 'A'
  [PASS] Each char should be 'A'
  [PASS] Each char should be 'A'
  [PASS] Each char should be 'A'
  [PASS] Each char should be 'A'
  [PASS] Each char should be 'A'
  [PASS] Each char should be 'A'
  [PASS] Each char should be 'A'
  [PASS] Each char should be 'A'
  [PASS] Each char should be 'A'
  [PASS] Each char should be 'A'
  [PASS] Each char should be 'A'
  [PASS] Each char should be 'A'
  [PASS] Each char should be 'A'
  [PASS] Each char should be 'A'
  [PASS] Each char should be 'A'
  [PASS] Each char should be 'A'
  [PASS] Each char should be 'A'
  [PASS] Each char should be 'A'
  [PASS] Each char should be 'A'
  [PASS] Each char should be 'A'
  [PASS] Each char should be 'A'
  [PASS] Each char should be 'A'
  [PASS] Each char should be 'A'
  [PASS] Each char should be 'A'
  [PASS] Each char should be 'A'
  [PASS] Each char should be 'A'
  [PASS] Each char should be 'A'
  [PASS] Each char should be 'A'
  [PASS] Each char should be 'A'
  [PASS] Each char should be 'A'
  [PASS] Each char should be 'A'
  [PASS] Each char should be 'A'
  [PASS] Each char should be 'A'
  [PASS] Each char should be 'A'
  [PASS] Each char should be 'A'
  [PASS] Each char should be 'A'
  [PASS] Each char should be 'A'
  [PASS] Each char should be 'A'
  [PASS] Each char should be 'A'
  [PASS] Each char should be 'A'
  [PASS] Each char should be 'A'
  [PASS] Each char should be 'A'
  [PASS] Each char should be 'A'
  [PASS] Each char should be 'A'
  [PASS] Each char should be 'A'
  [PASS] Each char should be 'A'
  [PASS] Each char should be 'A'
  [PASS] Each char should be 'A'
  [PASS] Each char should be 'A'
  [PASS] Each char should be 'A'
  [PASS] Each char should be 'A'
  [PASS] Each char should be 'A'
  [PASS] Each char should be 'A'
  [PASS] Each char should be 'A'
  [PASS] Each char should be 'A'
  [PASS] Each char should be 'A'
  [PASS] Each char should be 'A'
  [PASS] Each char should be 'A'
  [PASS] Each char should be 'A'
  [PASS] Each char should be 'A'
  [PASS] Each char should be 'A'
  [PASS] Each char should be 'A'
  [PASS] Each char should be 'A'
  [PASS] Each char should be 'A'
  [PASS] Each char should be 'A'
  [PASS] Each char should be 'A'
  [PASS] Each char should be 'A'
  [PASS] Each char should be 'A'
  [PASS] Each char should be 'A'
  [PASS] Each char should be 'A'
  [PASS] Each char should be 'A'
  [PASS] Each char should be 'A'
  [PASS] Each char should be 'A'
  [PASS] Each char should be 'A'
  [PASS] Each char should be 'A'
  [PASS] Each char should be 'A'
  [PASS] Each char should be 'A'
  [PASS] Each char should be 'A'
  [PASS] Each char should be 'A'
  [PASS] Each char should be 'A'
  [PASS] Each char should be 'A'
  [PASS] Each char should be 'A'
  [PASS] Each char should be 'A'
  [PASS] Each char should be 'A'
  [PASS] Each char should be 'A'
  [PASS] Each char should be 'A'
  [PASS] Each char should be 'A'
  [PASS] Each char should be 'A'
  [PASS] Each char should be 'A'
  [PASS] Each char should be 'A'
  [PASS] Each char should be 'A'
  [PASS] Each char should be 'A'
  [PASS] Each char should be 'A'
  [PASS] Each char should be 'A'
  [PASS] Each char should be 'A'
  [PASS] Each char should be 'A'
  [PASS] Each char should be 'A'
  [PASS] Each char should be 'A'
  [PASS] Each char should be 'A'
  [PASS] Each char should be 'A'
  [PASS] Each char should be 'A'
  [PASS] Each char should be 'A'
  [PASS] Each char should be 'A'
  [PASS] Each char should be 'A'
  [PASS] Each char should be 'A'
  [PASS] Each char should be 'A'
  [PASS] Each char should be 'A'
  [PASS] Each char should be 'A'
  [PASS] Each char should be 'A'
  [PASS] Each char should be 'A'
  [PASS] Each char should be 'A'
  [PASS] Each char should be 'A'
  [PASS] Each char should be 'A'
  [PASS] Each char should be 'A'
  [PASS] Each char should be 'A'
  [PASS] Each char should be 'A'
  [PASS] Each char should be 'A'
  [PASS] Each char should be 'A'
  [PASS] Each char should be 'A'
  [PASS] Each char should be 'A'
  [PASS] Each char should be 'A'
  [PASS] Each char should be 'A'
  [PASS] Each char should be 'A'
  [PASS] Each char should be 'A'
  [PASS] Each char should be 'A'
  [PASS] Each char should be 'A'
  [PASS] Each char should be 'A'
  [PASS] Each char should be 'A'
  [PASS] Each char should be 'A'
  [PASS] Each char should be 'A'
  [PASS] Each char should be 'A'
  [PASS] Each char should be 'A'
  [PASS] Each char should be 'A'
  [PASS] Each char should be 'A'
  [PASS] Each char should be 'A'
  [PASS] Each char should be 'A'
  [PASS] Each char should be 'A'
  [PASS] Each char should be 'A'
  [PASS] Each char should be 'A'
  [PASS] Each char should be 'A'
  [PASS] Each char should be 'A'
  [PASS] Each char should be 'A'
  [PASS] Each char should be 'A'
  [PASS] Each char should be 'A'
  [PASS] Each char should be 'A'
  [PASS] Each char should be 'A'
  [PASS] Each char should be 'A'
  [PASS] Each char should be 'A'
  [PASS] Each char should be 'A'
  [PASS] Each char should be 'A'
  [PASS] Each char should be 'A'
  [PASS] Each char should be 'A'
  [PASS] Each char should be 'A'
  [PASS] Each char should be 'A'
  [PASS] Each char should be 'A'
  [PASS] Each char should be 'A'
  [PASS] Each char should be 'A'
  [PASS] Each char should be 'A'
  [PASS] Each char should be 'A'
  [PASS] Each char should be 'A'
  [PASS] Each char should be 'A'
  [PASS] Each char should be 'A'
  [PASS] Each char should be 'A'
  [PASS] Each char should be 'A'
  [PASS] Each char should be 'A'
  [PASS] Each char should be 'A'
  [PASS] Each char should be 'A'
  [PASS] Each char should be 'A'
  [PASS] Each char should be 'A'
  [PASS] Each char should be 'A'
  [PASS] Each char should be 'A'
  [PASS] Each char should be 'A'
  [PASS] Each char should be 'A'
  [PASS] Each char should be 'A'
  [PASS] Each char should be 'A'
  [PASS] Each char should be 'A'
  [PASS] Each char should be 'A'
  [PASS] Each char should be 'A'
  [PASS] Each char should be 'A'
  [PASS] Each char should be 'A'
  [PASS] Each char should be 'A'
  [PASS] Each char should be 'A'
  [PASS] Each char should be 'A'
  [PASS] Each char should be 'A'
  [PASS] Each char should be 'A'
  [PASS] Each char should be 'A'
  [PASS] Each char should be 'A'
  [PASS] Each char should be 'A'
  [PASS] Each char should be 'A'
  [PASS] Each char should be 'A'
  [PASS] Each char should be 'A'
  [PASS] Each char should be 'A'
  [PASS] Each char should be 'A'
  [PASS] Each char should be 'A'
  [PASS] Each char should be 'A'
  [PASS] Each char should be 'A'
  [PASS] Each char should be 'A'
  [PASS] Each char should be 'A'
  [PASS] Each char should be 'A'
  [PASS] Each char should be 'A'
  [PASS] Each char should be 'A'
  [PASS] Each char should be 'A'
  [PASS] Each char should be 'A'
  [PASS] Each char should be 'A'
  [PASS] Each char should be 'A'
  [PASS] Each char should be 'A'
  [PASS] Each char should be 'A'
  [PASS] Each char should be 'A'
  [PASS] Each char should be 'A'
  [PASS] Each char should be 'A'
  [PASS] Each char should be 'A'
  [PASS] Each char should be 'A'
  [PASS] Each char should be 'A'
  [PASS] Each char should be 'A'
  [PASS] Each char should be 'A'
  [PASS] Each char should be 'A'
  [PASS] Each char should be 'A'
  [PASS] Each char should be 'A'
  [PASS] Each char should be 'A'
  [PASS] Each char should be 'A'
  [PASS] Each char should be 'A'
  [PASS] Each char should be 'A'
  [PASS] Each char should be 'A'
  [PASS] Each char should be 'A'
  [PASS] Each char should be 'A'
  [PASS] Each char should be 'A'
  [PASS] Each char should be 'A'
  [PASS] Each char should be 'A'
  [PASS] Each char should be 'A'
  [PASS] Each char should be 'A'
  [PASS] Each char should be 'A'
  [PASS] Each char should be 'A'
  [PASS] Each char should be 'A'
  [PASS] Each char should be 'A'
  [PASS] Each char should be 'A'
  [PASS] Each char should be 'A'
  [PASS] Each char should be 'A'
  [PASS] Each char should be 'A'
  [PASS] Each char should be 'A'
  [PASS] Each char should be 'A'
  [PASS] Each char should be 'A'
  [PASS] Each char should be 'A'
  [PASS] Each char should be 'A'
  [PASS] Each char should be 'A'
  [PASS] Each char should be 'A'
  [PASS] Each char should be 'A'
  [PASS] Each char should be 'A'
  [PASS] Each char should be 'A'
  [PASS] Each char should be 'A'
  [PASS] Each char should be 'A'
  [PASS] Each char should be 'A'
  [PASS] Each char should be 'A'
  [PASS] Each char should be 'A'
  [PASS] Each char should be 'A'
  [PASS] Each char should be 'A'
  [PASS] Each char should be 'A'
  [PASS] Each char should be 'A'
  [PASS] Each char should be 'A'
  [PASS] Each char should be 'A'
  [PASS] Each char should be 'A'
  [PASS] Each char should be 'A'
  [PASS] Each char should be 'A'
  [PASS] Each char should be 'A'
  [PASS] Each char should be 'A'
  [PASS] Each char should be 'A'
  [PASS] Each char should be 'A'
  [PASS] Each char should be 'A'
  [PASS] Each char should be 'A'
  [PASS] Each char should be 'A'
  [PASS] Each char should be 'A'
  [PASS] Each char should be 'A'
  [PASS] Each char should be 'A'
  [PASS] Each char should be 'A'
  [PASS] Each char should be 'A'
  [PASS] Each char should be 'A'
  [PASS] Each char should be 'A'
  [PASS] Each char should be 'A'
  [PASS] Each char should be 'A'
  [PASS] Each char should be 'A'
  [PASS] Each char should be 'A'
  [PASS] Each char should be 'A'
  [PASS] Each char should be 'A'
  [PASS] Each char should be 'A'
  [PASS] Each char should be 'A'
  [PASS] Each char should be 'A'
  [PASS] Each char should be 'A'
  [PASS] Each char should be 'A'
  [PASS] Each char should be 'A'
  [PASS] Each char should be 'A'
  [PASS] Each char should be 'A'
  [PASS] Each char should be 'A'
  [PASS] Each char should be 'A'
  [PASS] Each char should be 'A'
  [PASS] Each char should be 'A'
  [PASS] Each char should be 'A'
  [PASS] Each char should be 'A'
  [PASS] Each char should be 'A'
  [PASS] Each char should be 'A'
  [PASS] Each char should be 'A'
  [PASS] Each char should be 'A'
  [PASS] Each char should be 'A'
  [PASS] Each char should be 'A'
  [PASS] Each char should be 'A'
  [PASS] Each char should be 'A'
  [PASS] Each char should be 'A'
  [PASS] Each char should be 'A'
  [PASS] Each char should be 'A'
  [PASS] Each char should be 'A'
  [PASS] Each char should be 'A'
  [PASS] Each char should be 'A'
  [PASS] Each char should be 'A'
  [PASS] Each char should be 'A'
  [PASS] Each char should be 'A'
  [PASS] Each char should be 'A'
  [PASS] Each char should be 'A'
  [PASS] Each char should be 'A'
  [PASS] Each char should be 'A'
  [PASS] Each char should be 'A'
  [PASS] Each char should be 'A'
  [PASS] Each char should be 'A'
  [PASS] Each char should be 'A'
  [PASS] Each char should be 'A'
  [PASS] Each char should be 'A'
  [PASS] Each char should be 'A'
  [PASS] Each char should be 'A'
  [PASS] Each char should be 'A'
  [PASS] Each char should be 'A'
  [PASS] Each char should be 'A'
  [PASS] Each char should be 'A'
  [PASS] Each char should be 'A'
  [PASS] Each char should be 'A'
  [PASS] Each char should be 'A'
  [PASS] Each char should be 'A'
  [PASS] Each char should be 'A'
  [PASS] Each char should be 'A'
  [PASS] Each char should be 'A'
  [PASS] Each char should be 'A'
  [PASS] Each char should be 'A'
  [PASS] Each char should be 'A'
  [PASS] Each char should be 'A'
  [PASS] Each char should be 'A'
  [PASS] Each char should be 'A'
  [PASS] Each char should be 'A'
  [PASS] Each char should be 'A'
  [PASS] Each char should be 'A'
  [PASS] Each char should be 'A'
  [PASS] Each char should be 'A'
  [PASS] Each char should be 'A'
  [PASS] Each char should be 'A'
  [PASS] Each char should be 'A'
  [PASS] Each char should be 'A'
  [PASS] Each char should be 'A'
  [PASS] Each char should be 'A'
  [PASS] Each char should be 'A'
  [PASS] Each char should be 'A'
  [PASS] Each char should be 'A'
  [PASS] Each char should be 'A'
  [PASS] Each char should be 'A'
  [PASS] Each char should be 'A'
  [PASS] Each char should be 'A'
  [PASS] Each char should be 'A'
  [PASS] Each char should be 'A'
  [PASS] Each char should be 'A'
  [PASS] Each char should be 'A'
  [PASS] Each char should be 'A'
  [PASS] Each char should be 'A'
  [PASS] Each char should be 'A'
  [PASS] Each char should be 'A'
  [PASS] Each char should be 'A'
  [PASS] Each char should be 'A'
  [PASS] Each char should be 'A'
  [PASS] Each char should be 'A'
  [PASS] Each char should be 'A'
  [PASS] Each char should be 'A'
  [PASS] Each char should be 'A'
  [PASS] Each char should be 'A'
  [PASS] Each char should be 'A'
  [PASS] Each char should be 'A'
  [PASS] Each char should be 'A'
  [PASS] Each char should be 'A'
  [PASS] Each char should be 'A'
  [PASS] Each char should be 'A'
  [PASS] Each char should be 'A'
  [PASS] Each char should be 'A'
  [PASS] Each char should be 'A'
  [PASS] Each char should be 'A'
  [PASS] Each char should be 'A'
  [PASS] Each char should be 'A'
  [PASS] Each char should be 'A'
  [PASS] Each char should be 'A'
  [PASS] Each char should be 'A'
  [PASS] Each char should be 'A'
  [PASS] Each char should be 'A'
  [PASS] Each char should be 'A'
  [PASS] Each char should be 'A'
  [PASS] Each char should be 'A'
  [PASS] Each char should be 'A'
  [PASS] Each char should be 'A'
  [PASS] Each char should be 'A'
  [PASS] Each char should be 'A'
  [PASS] Each char should be 'A'
  [PASS] Each char should be 'A'
  [PASS] Each char should be 'A'
  [PASS] Each char should be 'A'
  [PASS] Each char should be 'A'
  [PASS] Each char should be 'A'
  [PASS] Each char should be 'A'
  [PASS] Each char should be 'A'
  [PASS] Each char should be 'A'
  [PASS] Each char should be 'A'
  [PASS] Each char should be 'A'
  [PASS] Each char should be 'A'
  [PASS] Each char should be 'A'
  [PASS] Each char should be 'A'
  [PASS] Each char should be 'A'
  [PASS] Each char should be 'A'
  [PASS] Each char should be 'A'
  [PASS] Each char should be 'A'
  [PASS] Each char should be 'A'
  [PASS] Each char should be 'A'
  [PASS] Each char should be 'A'
  [PASS] Each char should be 'A'
  [PASS] Each char should be 'A'
  [PASS] Each char should be 'A'
  [PASS] Each char should be 'A'
  [PASS] Each char should be 'A'
  [PASS] Each char should be 'A'
  [PASS] Each char should be 'A'
  [PASS] Each char should be 'A'
  [PASS] Each char should be 'A'
  [PASS] Each char should be 'A'
  [PASS] Each char should be 'A'
  [PASS] Each char should be 'A'
  [PASS] Each char should be 'A'
  [PASS] Each char should be 'A'
  [PASS] Each char should be 'A'
  [PASS] Each char should be 'A'
  [PASS] Each char should be 'A'
  [PASS] Each char should be 'A'
  [PASS] Each char should be 'A'
  [PASS] Each char should be 'A'
  [PASS] Each char should be 'A'
  [PASS] Each char should be 'A'
  [PASS] Each char should be 'A'
  [PASS] Each char should be 'A'
  [PASS] Each char should be 'A'
  [PASS] Each char should be 'A'
  [PASS] Each char should be 'A'
  [PASS] Each char should be 'A'
  [PASS] Each char should be 'A'
  [PASS] Each char should be 'A'
  [PASS] Each char should be 'A'
  [PASS] Each char should be 'A'
  [PASS] Each char should be 'A'
  [PASS] Each char should be 'A'
  [PASS] Each char should be 'A'
  [PASS] Each char should be 'A'
  [PASS] Each char should be 'A'
  [PASS] Each char should be 'A'
  [PASS] Each char should be 'A'
  [PASS] Each char should be 'A'
  [PASS] Each char should be 'A'
  [PASS] Each char should be 'A'
  [PASS] Each char should be 'A'
  [PASS] Each char should be 'A'
  [PASS] Each char should be 'A'
  [PASS] Each char should be 'A'
  [PASS] Each char should be 'A'
  [PASS] Each char should be 'A'
  [PASS] Each char should be 'A'
  [PASS] Each char should be 'A'
  [PASS] Each char should be 'A'
  [PASS] Each char should be 'A'
  [PASS] Each char should be 'A'
  [PASS] Each char should be 'A'
  [PASS] Each char should be 'A'
  [PASS] Each char should be 'A'
  [PASS] Each char should be 'A'
  [PASS] Each char should be 'A'
  [PASS] Each char should be 'A'
  [PASS] Each char should be 'A'
  [PASS] Each char should be 'A'
  [PASS] Each char should be 'A'
  [PASS] Each char should be 'A'
  [PASS] Each char should be 'A'
  [PASS] Each char should be 'A'
  [PASS] Each char should be 'A'
  [PASS] Each char should be 'A'
  [PASS] Each char should be 'A'
  [PASS] Each char should be 'A'
  [PASS] Each char should be 'A'
  [PASS] Each char should be 'A'
  [PASS] Each char should be 'A'
  [PASS] Each char should be 'A'
  [PASS] Each char should be 'A'
  [PASS] Each char should be 'A'
  [PASS] Each char should be 'A'
  [PASS] Each char should be 'A'
  [PASS] Each char should be 'A'
  [PASS] Each char should be 'A'
  [PASS] Each char should be 'A'
  [PASS] Each char should be 'A'
  [PASS] Each char should be 'A'
  [PASS] Each char should be 'A'
  [PASS] Each char should be 'A'
  [PASS] Each char should be 'A'
  [PASS] Each char should be 'A'
  [PASS] Each char should be 'A'
  [PASS] Each char should be 'A'
  [PASS] Each char should be 'A'
  [PASS] Each char should be 'A'
  [PASS] Each char should be 'A'
  [PASS] Each char should be 'A'
  [PASS] Each char should be 'A'
  [PASS] Each char should be 'A'
  [PASS] Each char should be 'A'
  [PASS] Each char should be 'A'
  [PASS] Each char should be 'A'
  [PASS] Each char should be 'A'
  [PASS] Each char should be 'A'
  [PASS] Each char should be 'A'
  [PASS] Each char should be 'A'
  [PASS] Each char should be 'A'
  [PASS] Each char should be 'A'
  [PASS] Each char should be 'A'
  [PASS] Each char should be 'A'
  [PASS] Each char should be 'A'
  [PASS] Each char should be 'A'
  [PASS] Each char should be 'A'
  [PASS] Each char should be 'A'
  [PASS] Each char should be 'A'
  [PASS] Each char should be 'A'
  [PASS] Each char should be 'A'
  [PASS] Each char should be 'A'
  [PASS] Each char should be 'A'
  [PASS] Each char should be 'A'
  [PASS] Each char should be 'A'
  [PASS] Each char should be 'A'
  [PASS] Each char should be 'A'
  [PASS] Each char should be 'A'
  [PASS] Each char should be 'A'
  [PASS] Each char should be 'A'
  [PASS] Each char should be 'A'
  [PASS] Each char should be 'A'
  [PASS] Each char should be 'A'
  [PASS] Each char should be 'A'
  [PASS] Each char should be 'A'
  [PASS] Each char should be 'A'
  [PASS] Each char should be 'A'
  [PASS] Each char should be 'A'
  [PASS] Each char should be 'A'
  [PASS] Each char should be 'A'
  [PASS] Each char should be 'A'
  [PASS] Each char should be 'A'
  [PASS] Each char should be 'A'
  [PASS] Each char should be 'A'
  [PASS] Each char should be 'A'
  [PASS] Each char should be 'A'
  [PASS] Each char should be 'A'
  [PASS] Each char should be 'A'
  [PASS] Each char should be 'A'
  [PASS] Each char should be 'A'
  [PASS] Each char should be 'A'
  [PASS] Each char should be 'A'
  [PASS] Each char should be 'A'
  [PASS] Each char should be 'A'
  [PASS] Each char should be 'A'
  [PASS] Each char should be 'A'
  [PASS] Each char should be 'A'
  [PASS] Each char should be 'A'
  [PASS] Each char should be 'A'
  [PASS] Each char should be 'A'
  [PASS] Each char should be 'A'
  [PASS] Each char should be 'A'
  [PASS] Each char should be 'A'
  [PASS] Each char should be 'A'
  [PASS] Each char should be 'A'
  [PASS] Each char should be 'A'
  [PASS] Each char should be 'A'
  [PASS] Each char should be 'A'
  [PASS] Each char should be 'A'
  [PASS] Each char should be 'A'
  [PASS] Each char should be 'A'
  [PASS] Each char should be 'A'
  [PASS] Each char should be 'A'
  [PASS] Each char should be 'A'
  [PASS] Each char should be 'A'
  [PASS] Each char should be 'A'
  [PASS] Each char should be 'A'
  [PASS] Each char should be 'A'
  [PASS] Each char should be 'A'
  [PASS] Each char should be 'A'
  [PASS] Each char should be 'A'
  [PASS] Each char should be 'A'
  [PASS] Each char should be 'A'
  [PASS] Each char should be 'A'
  [PASS] Each char should be 'A'
  [PASS] Each char should be 'A'
  [PASS] Each char should be 'A'
  [PASS] Each char should be 'A'
  [PASS] Each char should be 'A'
  [PASS] Each char should be 'A'
  [PASS] Each char should be 'A'
  [PASS] Each char should be 'A'
  [PASS] Each char should be 'A'
  [PASS] Each char should be 'A'
  [PASS] Each char should be 'A'
  [PASS] Each char should be 'A'
  [PASS] Each char should be 'A'
  [PASS] Each char should be 'A'
  [PASS] Each char should be 'A'
  [PASS] Each char should be 'A'
  [PASS] Each char should be 'A'
  [PASS] Each char should be 'A'
  [PASS] Each char should be 'A'
  [PASS] Each char should be 'A'
  [PASS] Each char should be 'A'
  [PASS] Each char should be 'A'
  [PASS] Each char should be 'A'
  [PASS] Each char should be 'A'
  [PASS] Each char should be 'A'
  [PASS] Each char should be 'A'
  [PASS] Each char should be 'A'
  [PASS] Each char should be 'A'
  [PASS] Each char should be 'A'
  [PASS] Each char should be 'A'
  [PASS] Each char should be 'A'
  [PASS] Each char should be 'A'
  [PASS] Each char should be 'A'
  [PASS] Each char should be 'A'
  [PASS] Each char should be 'A'
  [PASS] Each char should be 'A'
  [PASS] Each char should be 'A'
  [PASS] Each char should be 'A'
  [PASS] Each char should be 'A'
  [PASS] Each char should be 'A'
  [PASS] Each char should be 'A'
  [PASS] Each char should be 'A'
  [PASS] Each char should be 'A'
  [PASS] Each char should be 'A'
  [PASS] Each char should be 'A'
  [PASS] Each char should be 'A'
  [PASS] Each char should be 'A'
  [PASS] Each char should be 'A'
  [PASS] Each char should be 'A'
  [PASS] Each char should be 'A'
  [PASS] Each char should be 'A'
  [PASS] Each char should be 'A'
  [PASS] Each char should be 'A'
  [PASS] Each char should be 'A'
  [PASS] Each char should be 'A'
  [PASS] Each char should be 'A'
  [PASS] Each char should be 'A'
  [PASS] Each char should be 'A'
  [PASS] Each char should be 'A'
  [PASS] Each char should be 'A'
  [PASS] Each char should be 'A'
  [PASS] Each char should be 'A'
  [PASS] Each char should be 'A'
  [PASS] Each char should be 'A'
  [PASS] Each char should be 'A'
  [PASS] Each char should be 'A'
  [PASS] Each char should be 'A'
  [PASS] Each char should be 'A'
  [PASS] Each char should be 'A'
  [PASS] Each char should be 'A'
  [PASS] Each char should be 'A'
  [PASS] Each char should be 'A'
  [PASS] Each char should be 'A'
  [PASS] Each char should be 'A'
  [PASS] Each char should be 'A'
  [PASS] Each char should be 'A'
  [PASS] Each char should be 'A'
  [PASS] Each char should be 'A'
  [PASS] Each char should be 'A'
  [PASS] Each char should be 'A'
  [PASS] Each char should be 'A'
  [PASS] Each char should be 'A'
  [PASS] Each char should be 'A'
  [PASS] Each char should be 'A'
  [PASS] Each char should be 'A'
  [PASS] Each char should be 'A'
  [PASS] Each char should be 'A'
  [PASS] Each char should be 'A'
  [PASS] Each char should be 'A'
  [PASS] Each char should be 'A'
  [PASS] Each char should be 'A'
  [PASS] Each char should be 'A'
  [PASS] Each char should be 'A'
  [PASS] Each char should be 'A'
  [PASS] Each char should be 'A'
  [PASS] Each char should be 'A'
  [PASS] Each char should be 'A'
  [PASS] Each char should be 'A'
  [PASS] Each char should be 'A'
  [PASS] Each char should be 'A'
  [PASS] Each char should be 'A'
  [PASS] Each char should be 'A'
  [PASS] Each char should be 'A'
  [PASS] Each char should be 'A'
  [PASS] Each char should be 'A'
  [PASS] Each char should be 'A'
  [PASS] Each char should be 'A'
  [PASS] Each char should be 'A'
  [PASS] Each char should be 'A'
  [PASS] Each char should be 'A'
  [PASS] Each char should be 'A'
  [PASS] Each char should be 'A'
  [PASS] Each char should be 'A'
  [PASS] Each char should be 'A'
  [PASS] Each char should be 'A'
  [PASS] Each char should be 'A'
  [PASS] Each char should be 'A'
  [PASS] Each char should be 'A'
  [PASS] Each char should be 'A'
  [PASS] Each char should be 'A'
  [PASS] Each char should be 'A'
  [PASS] Each char should be 'A'
  [PASS] Each char should be 'A'
  [PASS] Each char should be 'A'
  [PASS] Each char should be 'A'
  [PASS] Each char should be 'A'
  [PASS] Each char should be 'A'
  [PASS] Each char should be 'A'
  [PASS] Each char should be 'A'
  [PASS] Each char should be 'A'
  [PASS] Each char should be 'A'
  [PASS] Each char should be 'A'
  [PASS] Each char should be 'A'
  [PASS] Each char should be 'A'
  [PASS] Each char should be 'A'
  [PASS] Each char should be 'A'
  [PASS] Each char should be 'A'
  [PASS] Each char should be 'A'
  [PASS] Each char should be 'A'
  [PASS] Each char should be 'A'
  [PASS] Each char should be 'A'
  [PASS] Each char should be 'A'
  [PASS] Each char should be 'A'
  [PASS] Each char should be 'A'
  [PASS] Each char should be 'A'
  [PASS] Each char should be 'A'
  [PASS] Each char should be 'A'
  [PASS] Each char should be 'A'
  [PASS] Each char should be 'A'
  [PASS] Each char should be 'A'
  [PASS] Each char should be 'A'
  [PASS] Each char should be 'A'
  [PASS] Each char should be 'A'
  [PASS] Each char should be 'A'
  [PASS] Each char should be 'A'
  [PASS] Each char should be 'A'
  [PASS] Each char should be 'A'
  [PASS] Each char should be 'A'
  [PASS] Each char should be 'A'
  [PASS] Each char should be 'A'
  [PASS] Each char should be 'A'
  [PASS] Each char should be 'A'
  [PASS] Each char should be 'A'
  [PASS] Each char should be 'A'
  [PASS] Each char should be 'A'
  [PASS] Each char should be 'A'
  [PASS] Each char should be 'A'
  [PASS] Each char should be 'A'
  [PASS] Each char should be 'A'
  [PASS] Each char should be 'A'
  [PASS] Each char should be 'A'
  [PASS] Each char should be 'A'
  [PASS] Each char should be 'A'
  [PASS] Each char should be 'A'
  [PASS] Each char should be 'A'
  [PASS] Each char should be 'A'
  [PASS] Each char should be 'A'
  [PASS] Each char should be 'A'
  [PASS] Each char should be 'A'
  [PASS] Each char should be 'A'
  [PASS] Each char should be 'A'
  [PASS] Each char should be 'A'
  [PASS] Each char should be 'A'
  [PASS] Each char should be 'A'
  [PASS] Each char should be 'A'
  [PASS] Each char should be 'A'
  [PASS] Each char should be 'A'
  [PASS] Each char should be 'A'
  [PASS] Each char should be 'A'
  [PASS] Each char should be 'A'
  [PASS] Each char should be 'A'
  [PASS] Each char should be 'A'
  [PASS] Each char should be 'A'
  [PASS] Each char should be 'A'
  [PASS] Each char should be 'A'
  [PASS] Each char should be 'A'
  [PASS] Each char should be 'A'
  [PASS] Each char should be 'A'
  [PASS] Each char should be 'A'
  [PASS] Each char should be 'A'
  [PASS] Each char should be 'A'
  [PASS] Each char should be 'A'
  [PASS] Each char should be 'A'
  [PASS] Each char should be 'A'
  [PASS] Each char should be 'A'
  [PASS] Should read remaining 4000 bytes
  [PASS] Position should be 5000
  [PASS] First token should be 'local'
  [PASS] Should read space
  [PASS] Second token should be 'variable'
  [PASS] Should read number '123'
  [PASS] Position should be 3
  [PASS] Next char should be 'a'
  [PASS] Should read opening quote
  [PASS] Should read string content
  [PASS] Position should be 13
  [PASS] Should peek 'a'
  [PASS] Should read 'a'
  [PASS] Should read 3 bytes
  [PASS] Buffer should contain 'bcd'
  [PASS] Should peek 'e'
  [PASS] Should read 'e'
  [PASS] Position should be 5
  [PASS] Should read all bytes
  [PASS] Content should match source
  [FAIL] Should not be EOF yet - Expected false
  [PASS] Source name should be preserved
  [PASS] Should peek 'D'
  [PASS] Should read 'D'
  [PASS] Should peek 'E' (cross boundary)
  [PASS] Should read 'E'
----------------------------------------
Total: 1250 | Pass: 1249 | Fail: 1
========================================


========================================
Test Summary
========================================
Total Tests: 130
Passed: 129
Failed: 1
========================================

[FAILED] SOME TESTS FAILED!

[INFO] Shutting down Lua VM...
